02:08:43 **** Incremental Build of configuration Debug for project 21_i2c_MPU6050 ****
make -j16 all 
arm-none-eabi-gcc "../Core/Src/MPU6050.c" -mcpu=cortex-m4 -std=gnu11 -g3 -DDEBUG -DUSE_HAL_DRIVER -DSTM32F411xE -c -I../Core/Inc -I../Drivers/STM32F4xx_HAL_Driver/Inc -I../Drivers/STM32F4xx_HAL_Driver/Inc/Legacy -I../Drivers/CMSIS/Device/ST/STM32F4xx/Include -I../Drivers/CMSIS/Include -O0 -ffunction-sections -fdata-sections -Wall -fstack-usage -MMD -MP -MF"Core/Src/MPU6050.d" -MT"Core/Src/MPU6050.o" --specs=nano.specs -mfpu=fpv4-sp-d16 -mfloat-abi=hard -mthumb -o "Core/Src/MPU6050.o"
../Core/Src/MPU6050.c: In function 'MPU6050_init':
../Core/Src/MPU6050.c:37:2: warning: implicit declaration of function 'I2C1_init' [-Wimplicit-function-declaration]
   37 |  I2C1_init();
      |  ^~~~~~~~~
arm-none-eabi-gcc -o "21_i2c_MPU6050.elf" @"objects.list"   -mcpu=cortex-m4 -T"C:\Users\chlsk\OneDrive\Desktop\STM32Nucleo-f411RE\21_i2c_MPU6050\STM32F411RETX_FLASH.ld" --specs=nosys.specs -Wl,-Map="21_i2c_MPU6050.map" -Wl,--gc-sections -static --specs=nano.specs -mfpu=fpv4-sp-d16 -mfloat-abi=hard -mthumb -Wl,--start-group -lc -lm -Wl,--end-group
Finished building target: 21_i2c_MPU6050.elf
 
arm-none-eabi-size   21_i2c_MPU6050.elf 
arm-none-eabi-objdump -h -S  21_i2c_MPU6050.elf  > "21_i2c_MPU6050.list"
   text	   data	    bss	    dec	    hex	filename
   4308	     12	   1596	   5916	   171c	21_i2c_MPU6050.elf
Finished building: default.size.stdout
 
Finished building: 21_i2c_MPU6050.list
 

02:08:44 Build Finished. 0 errors, 1 warnings. (took 744ms)

